### setup terminal bash
#apt-get install -y bash-completion binutils
echo 'source <(kubectl completion bash)' >> ~/.bashrc
echo 'alias k=kubectl' >> ~/.bashrc
echo 'alias c=clear' >> ~/.bashrc
echo 'complete -F __start_kubectl k' >> ~/.bashrc
sed -i '1s/^/force_color_prompt=yes\n/' ~/.bashrc

## Setup terminal zsh

If Permission is denied to install ZSH shell run the following command
$ echo $(which zsh) | sudo tee -a /etc/shells
$ chsh -s $(which zsh)

Oh my zsh.
Install with curl
sh -c "$(curl -fsSL https://raw.githubusercontent.com/robbyrussell/oh-my-zsh/master/tools/install.sh)"
Enabling Plugins (zsh-autosuggestions & zsh-syntax-highlighting)
	• Download zsh-autosuggestions by
git clone https://github.com/zsh-users/zsh-autosuggestions.git $ZSH_CUSTOM/plugins/zsh-autosuggestions
	• Download zsh-syntax-highlighting by
git clone https://github.com/zsh-users/zsh-syntax-highlighting.git $ZSH_CUSTOM/plugins/zsh-syntax-highlighting
	• nano ~/.zshrc find plugins=(git)
	• Append zsh-autosuggestions & zsh-syntax-highlighting to plugins() like this

plugins=(git zsh-autosuggestions zsh-syntax-highlighting)

PowerLevel10k
# git
git clone https://github.com/romkatv/powerlevel10k.git $ZSH_CUSTOM/themes/powerlevel10k

Then you need to enable it, change the value of ZSH_THEME to following in ~/.zshrc file :
ZSH_THEME="powerlevel10k/powerlevel10k"
Configure Powerlevel10k Theme


# Add below to .zshrc
echo 'source <(kubectl completion zsh)' >> ~/.zshrc
echo 'alias k=kubectl' >>~/.zshrc
echo 'complete -F __start_kubectl k' >> ~/.zshrc
echo 'export FZF_DEFAULT_COMMAND='find . -path './.git' -prune -o -print' ' >> ~/.zshrc

Checking for X11-clipboard support in terminal
vim --version | grep clipboard
If you see +clipboard or +xterm_clipboard, you are good to go. If it's -clipboard and -xterm_clipboard, you will need to look for a version of Vim that was compiled with clipboard support. On Debian and Ubuntu, to obtain clipboard support install the packages vim-gtk or vim-gnome (not vim-tiny

$ apt install vim-gtk


https://github.com/nickjj/dotfiles.git

#Tmux plugin Install
git clone https://github.com/tmux-plugins/tpm ~/.tmux/plugins/tpm

#Install FZF
$ git clone --depth 1 https://github.com/junegunn/fzf.git ~/.fzf
$ cd ~/.fzf/
$ ./install

#Install autojump and source file in bashrc

$ sudo apt install autojump

#Change Visual Highlight color
highlight Visual cterm=bold ctermbg=Red ctermfg=NONE


# termial capture

$script cks --timing=timing.log
$scriptreplay -s cks --timing=timing.log


$ git config --global user.name "Sam"
$ git config --global user.email "coolsammy2k@gmail.com"


