
$ which strace


$ strace touch /tmp/error.log


$ pidof etcd

$ strace -p $(pidof etcd)



$ strace
    -o filename
    -v verbose
    -f follow forks

    -cw (count and summarise)
    -p pid
    -P path


/proc directory

    Information and connections to processes and kernel
    Study it to learn how processes work
    configuration and administrative tasks
    contains files that doesn't, yet you can access these

$ cd /proc

strace Kubernetes etcd

    List syscalls
    find open files
    read secret value


# Create Apache pod with a secret as environment variable, Read that secret from host filesystem

$ kubectl ru apache --image=httpd -oyaml --dry-run=client > Pod.yaml

# Run this on which the pod is running
$ docker ps | grep apache

$ pstree -p

$ cd /proc/<process-id>

you will get all the environment variables etc....

$ cat environ



---

Secrets in ETCD

cat /etc/kubernetes/manifests/kube-apiserver.yaml | grep etcd

    - --etcd-cafile=/etc/kubernetes/pki/etcd/ca.crt
    - --etcd-certfile=/etc/kubernetes/pki/apiserver-etcd-client.crt
    - --etcd-keyfile=/etc/kubernetes/pki/apiserver-etcd-client.key
    - --etcd-servers=https://127.0.0.1:2379 # optional since we're on same node


ETCDCTL_API=3 etcdctl \
--cert /etc/kubernetes/pki/apiserver-etcd-client.crt \
--key /etc/kubernetes/pki/apiserver-etcd-client.key \
--cacert /etc/kubernetes/pki/etcd/ca.crt get /registry/secrets/team-green/database-access

ETCD in Kubernetes stores data under /registry/{type}/{namespace}/{name}. This is how we came to look for /registry/secrets/team-green/database-access


---





